[www.ourastore.com/index.html]
[backblue.gif]
[fade.gif]
[index.html]
[ourastore.com/assets/img/settings/1652681837fav icon5e1f.png]
[www.ourastore.com/assets/scss/app.css]
[www.ourastore.com/assets/css/app.css]
[www.ourastore.com/assets/scss/chatbox.css]
[www.ourastore.com/assets/admin/assets/plugins/bootstrap-select/bootstrap-select.min.css]
[www.ourastore.com/assets/js/app.js]
[www.google.com/recaptcha/api.js]
[www.ourastore.com/order/_slug]
[cdnjs.cloudflare.com/ajax/libs/jquery-cookie/1.4.1/jquery.cookie.min.js]
[www.ourastore.com/assets/img/wave.svg]
[www.ourastore.com/assets/img/wave2.svg]
[ourastore.com/assets/img/settings/1652681321tes 1.png]
[www.ourastore.com/status.html]
[www.ourastore.com/hitungpointmw.html]
[www.ourastore.com/hitungpointzodiac.html]
[ourastore.com/assets/img/1653993540banner utama copy.jpg]
[ourastore.com/assets/img/1654257721banner transformers.jpg]
[ourastore.com/assets/img/1654257753banner apex.jpg]
[ourastore.com/assets/img/1654257840banner genshin website j.jpg]
[ourastore.com/assets/img/1654501982banner website pharsa.jpg]
[www.ourastore.com/order/mobile-legends-proses-otomatis.html]
[ourastore.com/assets/img/1652788561mlbb_tile.jpg]
[www.ourastore.com/order/free-fire-proses-otomatis.html]
[ourastore.com/assets/img/1649747105FF.jpg]
[www.ourastore.com/order/higgs-domino-chips.html]
[ourastore.com/assets/img/1653057709higgs_domino_tile.jpg]
[www.ourastore.com/order/apex-legend-mobile-syndicate-gold.html]
[ourastore.com/assets/img/1653211938apexlegend_tile.png]
[www.ourastore.com/order/call-of-duty-mobile-cash-point.html]
[www.ourastore.com/order/arena-of-valor-aov-voucher.html]
[ourastore.com/assets/img/1649760863AOV.png]
[www.ourastore.com/order/genshin-impact-genesis-crystal.html]
[ourastore.com/assets/img/1649750713gensin impek.jpg]
[telegra.ph/file/b5b87817a98a77e3fd0f7.png]
[www.ourastore.com/order/valorant-points.html]
[ourastore.com/assets/img/1653058560valorant_tile.jpg]
[www.ourastore.com/order/league-of-legends-wild-rift-wild-core.html]
[ourastore.com/assets/img/1653059047LOL.png]
[www.ourastore.com/order/dragon-raja-coupon.html]
[ourastore.com/assets/img/1652263545dragon raja.jpg]
[www.ourastore.com/order/sausage-man-candys.html]
[ourastore.com/assets/img/1649755401sosis.jpg]
[www.ourastore.com/order/ragnarok-m-eternal-love-big-cat-coins.html]
[ourastore.com/assets/img/1652266177ragnarok.jpg]
[www.ourastore.com/order/life-after-credits.html]
[ourastore.com/assets/img/1652266936life after logo.jpg]
[www.ourastore.com/order/lords-mobile-diamonds.html]
[ourastore.com/assets/img/1652264394lords mobile.jpg]
[www.ourastore.com/order/tom-and-jerry-chase-diamonds.html]
[ourastore.com/assets/img/1652265138tom n jery.jpg]
[www.ourastore.com/order/light-of-thel-crystals.html]
[ourastore.com/assets/img/1652882489LightofThel_tile.png]
[www.ourastore.com/order/marvel-super-war-credits.html]
[ourastore.com/assets/img/1652882864MARVELsuperwar_tile.png]
[www.ourastore.com/order/mu-origin-2-diamonds.html]
[ourastore.com/assets/img/1652883239mu_origin_tile.jpg]
[www.ourastore.com/order/saint-seiya-awakening-coupons.html]
[ourastore.com/assets/img/1652884494saint seiya.jpg]
[www.ourastore.com/order/one-punch-man-coupons.html]
[ourastore.com/assets/img/1652968551one punch.png]
[www.ourastore.com/order/omega-legend-gold.html]
[ourastore.com/assets/img/1652968901omegalegends_tile.png]
[www.ourastore.com/contact-us.html]
[www.ourastore.com/terms-and-conditions.html]
[www.ourastore.com/privacy-policy.html]
[www.ourastore.com/assets/admin/assets/plugins/bootstrap-select/bootstrap-select.min.js]
[www.ourastore.com/assets/plugins/bootstrap-table/bootstrap-table.min.js]
[www.ourastore.com/assets/js/switch.js]
[www.ourastore.com/assets/js/promoBox.js]
[www.ourastore.com/assets/img/logos/callcenter.png]
[www.ourastore.com/index.html]
[www.ourastore.com/assets/scss/app.css]
[www.ourastore.com/assets/css/app.css]
[cdn.socket.io/4.1.2/socket.io.min.js]
[www.ourastore.com/assets/scss/chatbox.css]
[www.ourastore.com/assets/admin/assets/plugins/bootstrap-select/bootstrap-select.min.css]
[www.ourastore.com/order/_slug.html]
[www.ourastore.com/assets/img/wave.svg]
[www.ourastore.com/assets/img/wave2.svg]
[www.ourastore.com/status.html]
[www.ourastore.com/hitungpointmw.html]
[www.ourastore.com/hitungpointzodiac.html]
[ourastore.com/assets/img/1649738625ML.jpg]
[tripay.co.id/images/payment-channel/ZT91lrOEad1582929126.png]
[tripay.co.id/images/payment-channel/szezRhAALB1583408731.png]
[tripay.co.id/images/payment-channel/n22Qsh8jMa1583433577.png]
[tripay.co.id/images/payment-channel/8WQ3APST5s1579461828.png]
[tripay.co.id/images/payment-channel/T9Z012UE331583531536.png]
[tripay.co.id/images/payment-channel/KHcqcmqVFQ1607091889.png]
[tripay.co.id/images/payment-channel/GGwwcgdYaG1611929720.png]
[tripay.co.id/images/payment-channel/WtEJwfuphn1614003973.png]
[tripay.co.id/images/payment-channel/YAN25leid81631608321.png]
[tripay.co.id/images/payment-channel/tEclz5Assb1643375216.png]
[tripay.co.id/images/payment-channel/jiGZMKp2RD1583433506.png]
[tripay.co.id/images/payment-channel/zNzuO5AuLw1583513974.png]
[tripay.co.id/images/payment-channel/aQTdaUC2GO1593660384.png]
[tripay.co.id/images/payment-channel/fH6Y7wDT171586199243.png]
[www.ourastore.com/assets/img/logos/Shopeepay.png]
[www.ourastore.com/assets/img/logos/Gopay.png]
[www.ourastore.com/assets/img/logos/Dana.png]
[www.ourastore.com/assets/img/logos/OVO.png]
[www.ourastore.com/assets/img/logos/Linkaja.png]
[www.ourastore.com/order/mobile-legends-proses-otomatis.html]
[www.ourastore.com/assets/img/articles/20220516125625INFORMASI.jpg]
[ourastore.com/assets/img/1649747106FF.jpg]
[www.ourastore.com/order/free-fire-proses-otomatis.html]
[ourastore.com/assets/img/1653057709HIGG.jpg]
[www.ourastore.com/order/higgs-domino-chips.html]
[ourastore.com/assets/img/1653211938apex legend.jpg]
[www.ourastore.com/order/apex-legend-mobile-syndicate-gold.html]
[ourastore.com/assets/img/1649759093CODM HELP.jpg]
[www.ourastore.com/order/call-of-duty-mobile-cash-point.html]
[ourastore.com/assets/img/1649753534aov id.jpg]
[www.ourastore.com/order/arena-of-valor-aov-voucher.html]
[ourastore.com/assets/img/1649750713183.png]
[www.ourastore.com/order/genshin-impact-genesis-crystal.html]
[ourastore.com/assets/img/1653058560VALO.jpg]
[www.ourastore.com/order/valorant-points.html]
[ourastore.com/assets/img/1653059047LOL.jpg]
[www.ourastore.com/order/league-of-legends-wild-rift-wild-core.html]
[ourastore.com/assets/img/1652263545dragon raja fix 1.jpg]
[www.ourastore.com/order/dragon-raja-coupon.html]
[ourastore.com/assets/img/1649755401sosis man id.jpg]
[www.ourastore.com/order/sausage-man-candys.html]
[ourastore.com/assets/img/1652266177ragnarok m love fix 1.jpg]
[www.ourastore.com/order/ragnarok-m-eternal-love-big-cat-coins.html]
[ourastore.com/assets/img/1652266936LIFE AFTER FIX 1.jpg]
[www.ourastore.com/order/life-after-credits.html]
[ourastore.com/assets/img/1652264394lords mobile fix 1.jpg]
[www.ourastore.com/order/lords-mobile-diamonds.html]
[ourastore.com/assets/img/1652265138tom n jeri fix .jpg]
[www.ourastore.com/order/tom-and-jerry-chase-diamonds.html]
[ourastore.com/assets/img/1652882490LITGT OF THEIU.jpg]
[www.ourastore.com/order/light-of-thel-crystals.html]
[ourastore.com/assets/img/1652882865MARVEL.jpg]
[www.ourastore.com/order/marvel-super-war-credits.html]
[ourastore.com/assets/img/1652883239MU ORIGIN.jpg]
[www.ourastore.com/order/mu-origin-2-diamonds.html]
[ourastore.com/assets/img/1652884494saint.jpg]
[www.ourastore.com/order/saint-seiya-awakening-coupons.html]
[ourastore.com/assets/img/1652968551ONE PUNCH.jpg]
[www.ourastore.com/order/one-punch-man-coupons.html]
[ourastore.com/assets/img/1652968902omega 2.jpg]
[www.ourastore.com/order/omega-legend-gold.html]
[www.ourastore.com/contact-us.html]
[www.ourastore.com/terms-and-conditions.html]
[www.ourastore.com/privacy-policy.html]
